export const snapshot = {};

snapshot[`scrape 1`] = `
[
  "https://monzo.com/",
  "https://monzo.com/about/",
  "https://monzo.com/accessibility/",
  "https://monzo.com/blog/",
  "https://monzo.com/careers/",
  "https://monzo.com/faq/",
  "https://monzo.com/features/savings/",
  "https://monzo.com/features/travel/",
  "https://monzo.com/flex/",
  "https://monzo.com/fraud/",
  "https://monzo.com/i/business",
  "https://monzo.com/i/business/",
  "https://monzo.com/i/helping-everyone-belong-at-monzo/",
  "https://monzo.com/i/security/",
  "https://monzo.com/information-about-current-account-services/",
  "https://monzo.com/investor-information/",
  "https://monzo.com/legal/browser-support-policy/",
  "https://monzo.com/legal/cookie-notice/",
  "https://monzo.com/legal/fscs-information/",
  "https://monzo.com/legal/mobile-operating-system-support-policy/",
  "https://monzo.com/legal/privacy-notice/",
  "https://monzo.com/legal/terms-and-conditions/",
  "https://monzo.com/loans/",
  "https://monzo.com/modern-slavery-statements/",
  "https://monzo.com/money-worries/",
  "https://monzo.com/monzo-plus/",
  "https://monzo.com/monzo-premium/",
  "https://monzo.com/our-social-programme/",
  "https://monzo.com/press/",
  "https://monzo.com/service-information/",
  "https://monzo.com/service-quality-results/",
  "https://monzo.com/supporting-all-our-customers/",
  "https://monzo.com/tone-of-voice/",
  "https://monzo.com/us/",
]
`;

snapshot[`scrapeRecursive 1`] = `
[
  "https://monzo.com/",
  "https://monzo.com/about/",
  "https://monzo.com/accessibility/",
  "https://monzo.com/blog/",
  "https://monzo.com/careers/",
  "https://monzo.com/faq/",
  "https://monzo.com/features/savings/",
  "https://monzo.com/features/travel/",
  "https://monzo.com/flex/",
  "https://monzo.com/fraud/",
  "https://monzo.com/i/business",
  "https://monzo.com/i/business/",
  "https://monzo.com/i/helping-everyone-belong-at-monzo/",
  "https://monzo.com/i/security/",
  "https://monzo.com/information-about-current-account-services/",
  "https://monzo.com/investor-information/",
  "https://monzo.com/legal/browser-support-policy/",
  "https://monzo.com/legal/cookie-notice/",
  "https://monzo.com/legal/fscs-information/",
  "https://monzo.com/legal/mobile-operating-system-support-policy/",
  "https://monzo.com/legal/privacy-notice/",
  "https://monzo.com/legal/terms-and-conditions/",
  "https://monzo.com/loans/",
  "https://monzo.com/modern-slavery-statements/",
  "https://monzo.com/money-worries/",
  "https://monzo.com/monzo-plus/",
  "https://monzo.com/monzo-premium/",
  "https://monzo.com/our-social-programme/",
  "https://monzo.com/press/",
  "https://monzo.com/service-information/",
  "https://monzo.com/service-quality-results/",
  "https://monzo.com/supporting-all-our-customers/",
  "https://monzo.com/tone-of-voice/",
  "https://monzo.com/us/",
]
`;
